C51 COMPILER V9.52.0.0   CAU12                                                             06/27/2021 21:45:41 PAGE 1   


C51 COMPILER V9.52.0.0, COMPILATION OF MODULE CAU12
OBJECT MODULE PLACED IN CAU12.OBJ
COMPILER INVOKED BY: E:\C51\BIN\C51.EXE CAU12.c BROWSE DEBUG OBJECTEXTEND TABS(2)

line level    source

   1          #include <REGX51.H>
   2          char so[]={0x40,0x79,0x24,0x30,0x19,0x12,0x02,0x78,0x00,0x10, 0x89,0x06,0xC7,0x40};
   3          //
   4          char i;
   5          int dem;
   6          unsigned chuc, donVi;
   7          #define led1 P2_0
   8          #define led2 P2_1
   9          #define sang 0
  10          #define tat 1
  11          
  12          
  13          
  14          void delay(int time){
  15   1        while(time--);
  16   1      }
  17          
  18          void main(){
  19   1        led1 = led2 = tat;
  20   1        while(1){
  21   2          
  22   2            for (dem=0;dem<40;dem++){
  23   3            //tach chu so
  24   3            chuc = dem/10;
  25   3            donVi = dem%10;
  26   3            for (i = 0 ; i<=10;i++){
  27   4              
  28   4                led1 = sang;
  29   4                P0   = so[chuc];
  30   4                delay(1000);
  31   4                led1 = tat;
  32   4                
  33   4                led2 = sang;
  34   4                P0 = so[donVi];
  35   4                delay(1000);
  36   4                led2 = tat;
  37   4              
  38   4              
  39   4              }       
  40   3            } 
  41   2        }
  42   1      }


MODULE INFORMATION:   STATIC OVERLAYABLE
   CODE SIZE        =    115    ----
   CONSTANT SIZE    =   ----    ----
   XDATA SIZE       =   ----    ----
   PDATA SIZE       =   ----    ----
   DATA SIZE        =     21    ----
   IDATA SIZE       =   ----    ----
   BIT SIZE         =   ----    ----
END OF MODULE INFORMATION.


C51 COMPILATION COMPLETE.  0 WARNING(S),  0 ERROR(S)
